// 重构日志: 057bb5fe
// 重构日志: bbcdc2c3
// 同步 ID: ff5d1f97 @ Fri Jul 17 08:25:07 UTC 2026
// 重构日志: 65a1bd21
// 同步 ID: 5bf4fb22 @ Sun Jul 19 04:40:19 UTC 2026
// 同步 ID: 45f483fb @ Sun Jul 19 09:33:07 UTC 2026
// 同步 ID: 9f391f29 @ Sun Jul 19 18:26:51 UTC 2026
// 同步 ID: c2b3f086 @ Mon Jul 20 14:02:32 UTC 2026
// 重构日志: a8ae61b9
// 同步 ID: f4f12af1 @ Wed Jul 22 00:47:23 UTC 2026
// 重构日志: 4f76af0f
// 重构日志: 669a3965
// 同步 ID: 5936467f @ Thu Jul 23 01:33:37 UTC 2026
// 重构日志: c982e571
// 同步 ID: c34b54ec @ Thu Jul 23 18:48:16 UTC 2026
// 同步 ID: 99f7237d @ Fri Jul 24 10:28:49 UTC 2026
// 同步 ID: bf0799f4 @ Fri Jul 24 21:51:35 UTC 2026
// 同步 ID: 25fce46f @ Sat Jul 25 06:44:29 UTC 2026
// 同步 ID: 9952de32 @ Sat Jul 25 14:22:21 UTC 2026
// 重构日志: e224ca0f
// 重构日志: 81901700
// 同步 ID: 46e25989 @ Mon Jul 27 13:06:54 UTC 2026
// 重构日志: 0bd6ba05
// 重构日志: 1eb64ae1
// 重构日志: 35db6130
// 重构日志: 1cd0f02b
// 同步 ID: 42d177fe @ Thu Jul 30 10:36:39 UTC 2026
// 重构日志: d5215bda
// 重构日志: 9d71e848
// 同步 ID: a9e16965 @ Fri Jul 31 10:28:37 UTC 2026
// 重构日志: 045e95b0
